2025-04-17 17:38:37,222 - WrfDataLoader - INFO - [wrf_data_lodaer.py:37:<module>] - Starting new log session at 2025-04-17_173837, writing to logs/wrf_data_loader_2025-04-17_173837.log
2025-04-17 17:38:37,222 - WrfDataLoader - INFO - [wrf_data_lodaer.py:647:<module>] - Starting example usage in __main__
2025-04-17 17:38:37,222 - WrfDataLoader - INFO - [wrf_data_lodaer.py:53:__init__] - Initializing WrfDataLoader with 2D path: /home/user/Documents/aurora/data_wrf/2d/, 3D path: /home/user/Documents/aurora/data_wrf/3d/
2025-04-17 17:38:37,222 - WrfDataLoader - INFO - [wrf_data_lodaer.py:175:_scan_available_timesteps] - Scanning for available timesteps in data directories
2025-04-17 17:38:37,223 - WrfDataLoader - INFO - [wrf_data_lodaer.py:181:_scan_available_timesteps] - Found 13 2D files and 5 3D files
2025-04-17 17:38:37,223 - WrfDataLoader - INFO - [wrf_data_lodaer.py:203:_scan_available_timesteps] - Extracted 13 timestamps from 2D files and 5 from 3D files
2025-04-17 17:38:37,223 - WrfDataLoader - INFO - [wrf_data_lodaer.py:215:_scan_available_timesteps] - Found 5 matching timesteps between 2D and 3D files
2025-04-17 17:38:37,223 - WrfDataLoader - INFO - [wrf_data_lodaer.py:217:_scan_available_timesteps] - Time range: 2015-12-01 00:00:00 to 2015-12-01 12:00:00
2025-04-17 17:38:37,250 - WrfDataLoader - INFO - [wrf_data_lodaer.py:114:_get_pressure_levels] - Using pressure levels from 'P' variable
2025-04-17 17:38:37,251 - WrfDataLoader - INFO - [wrf_data_lodaer.py:119:_get_pressure_levels] - Found 50 vertical levels
2025-04-17 17:38:37,251 - WrfDataLoader - INFO - [wrf_data_lodaer.py:229:get_timestep_list] - Returning list of 5 available timesteps
2025-04-17 17:38:37,251 - WrfDataLoader - INFO - [wrf_data_lodaer.py:655:<module>] - Available timesteps: [datetime.datetime(2015, 12, 1, 0, 0), datetime.datetime(2015, 12, 1, 3, 0), datetime.datetime(2015, 12, 1, 6, 0), datetime.datetime(2015, 12, 1, 9, 0), datetime.datetime(2015, 12, 1, 12, 0)]
2025-04-17 17:38:37,251 - WrfDataLoader - INFO - [wrf_data_lodaer.py:661:<module>] - Attempting to create a single batch
2025-04-17 17:38:37,252 - WrfDataLoader - INFO - [wrf_data_lodaer.py:593:create_single_batch] - Creating single batch with sequence_length=2, start_time=2015-12-01 00:00:00
2025-04-17 17:38:37,252 - WrfDataLoader - INFO - [wrf_data_lodaer.py:617:create_single_batch] - Found closest timestep to 2015-12-01 00:00:00: 2015-12-01 00:00:00 (index 0)
2025-04-17 17:38:37,252 - WrfDataLoader - INFO - [wrf_data_lodaer.py:625:create_single_batch] - Creating batch iterator to extract batch at index 0
2025-04-17 17:38:37,268 - WrfDataLoader - ERROR - [wrf_data_lodaer.py:637:create_single_batch] - Error creating batch: All ufuncs must have type `numpy.ufunc`. Received (<ufunc 'sph_legendre_p'>, <ufunc 'sph_legendre_p'>, <ufunc 'sph_legendre_p'>)
2025-04-17 17:38:37,268 - WrfDataLoader - ERROR - [wrf_data_lodaer.py:683:<module>] - Error in batch creation: All ufuncs must have type `numpy.ufunc`. Received (<ufunc 'sph_legendre_p'>, <ufunc 'sph_legendre_p'>, <ufunc 'sph_legendre_p'>)
2025-04-17 17:38:37,268 - WrfDataLoader - INFO - [wrf_data_lodaer.py:695:<module>] - Cleaning up resources
2025-04-17 17:38:37,268 - WrfDataLoader - INFO - [wrf_data_lodaer.py:138:close_datasets] - Closing 0 open datasets
2025-04-17 17:38:37,395 - WrfDataLoader - INFO - [wrf_data_lodaer.py:133:__del__] - Cleaning up WrfDataLoader resources
2025-04-17 17:38:37,396 - WrfDataLoader - INFO - [wrf_data_lodaer.py:138:close_datasets] - Closing 0 open datasets
