2025-05-05 17:19:56,980 [Pipeline] INFO: Initialized pipeline with config /home/user/Documents/aurora/aurora_foked/aurora/fine_tuning2/cfg/configs.yml
2025-05-05 17:19:56,980 [Pipeline] INFO: Discovered 2 file pairs
2025-05-05 17:19:56,981 [Pipeline] INFO: Preprocessor: patch_size=4
2025-05-05 17:19:56,981 [AuroraModel] INFO: Initializing AuroraModel (type=small, LoRA=False) on cuda
2025-05-05 17:19:58,357 [AuroraModel] INFO: Loading checkpoint microsoft/aurora/aurora-0.25-small-pretrained.ckpt (strict=False)
2025-05-05 17:19:59,302 [AuroraModel] INFO: Model is in eval mode on cuda
2025-05-05 17:19:59,303 [Pipeline] INFO: Using model on device cuda
2025-05-05 17:19:59,303 [Pipeline] INFO: Loading static constants
2025-05-05 17:20:00,757 [StaticReader] INFO: Loaded static 'z' from 'PHB' with shape (1419, 1429)
2025-05-05 17:20:00,779 [StaticReader] INFO: Loaded static 'slt' from 'ISLTYP' with shape (1419, 1429)
2025-05-05 17:20:00,802 [StaticReader] INFO: Loaded static 'lsm' from 'LANDMASK' with shape (1419, 1429)
2025-05-05 17:20:00,805 [Pipeline] INFO: Pair 0: /home/user/Documents/aurora/data_wrf_test/2d/wrf2d_d01_2015-12-01_00:00:00.nc / /home/user/Documents/aurora/data_wrf_test/3d/wrf3d_d01_2015-12-01_00:00:00.nc
2025-05-05 17:20:00,805 [Pipeline] INFO: Loading 2D from /home/user/Documents/aurora/data_wrf_test/2d/wrf2d_d01_2015-12-01_00:00:00.nc
2025-05-05 17:20:00,941 [WRF2DReader] INFO: Loaded metadata: lat.shape=(1419,), lon.shape=(1429,), time.shape=(1,)
2025-05-05 17:20:01,019 [WRF2DReader] INFO: Loaded surface '2t' shape (1, 1419, 1429)
2025-05-05 17:20:01,053 [WRF2DReader] INFO: Loaded surface '10u' shape (1, 1419, 1429)
2025-05-05 17:20:01,091 [WRF2DReader] INFO: Loaded surface '10v' shape (1, 1419, 1429)
2025-05-05 17:20:01,130 [WRF2DReader] INFO: Loaded surface 'msl' shape (1, 1419, 1429)
2025-05-05 17:20:01,136 [Pipeline] INFO: Loading 3D data from /home/user/Documents/aurora/data_wrf_test/3d/wrf3d_d01_2015-12-01_00:00:00.nc
2025-05-05 17:20:01,146 [WRF3DReader] INFO: Opened 3D file /home/user/Documents/aurora/data_wrf_test/3d/wrf3d_d01_2015-12-01_00:00:00.nc
2025-05-05 17:20:23,488 [WRF3DReader] INFO: Processed z → shape (1, 13, 1419, 1429)
2025-05-05 17:20:43,983 [WRF3DReader] INFO: Processed t → shape (1, 13, 1419, 1429)
2025-05-05 17:20:53,800 [WRF3DReader] INFO: Processed u → shape (1, 13, 1419, 1429)
2025-05-05 17:21:03,775 [WRF3DReader] INFO: Processed v → shape (1, 13, 1419, 1429)
2025-05-05 17:21:27,971 [WRF3DReader] INFO: Processed q → shape (1, 13, 1419, 1429)
2025-05-05 17:21:27,976 [Pipeline] INFO: Completed pair 0
2025-05-05 17:21:27,976 [Pipeline] INFO: Pair 1: /home/user/Documents/aurora/data_wrf_test/2d/wrf2d_d01_2015-12-01_03:00:00.nc / /home/user/Documents/aurora/data_wrf_test/3d/wrf3d_d01_2015-12-01_03:00:00.nc
2025-05-05 17:21:27,976 [Pipeline] INFO: Loading 2D from /home/user/Documents/aurora/data_wrf_test/2d/wrf2d_d01_2015-12-01_03:00:00.nc
2025-05-05 17:21:28,098 [WRF2DReader] INFO: Loaded metadata: lat.shape=(1419,), lon.shape=(1429,), time.shape=(1,)
2025-05-05 17:21:28,175 [WRF2DReader] INFO: Loaded surface '2t' shape (1, 1419, 1429)
2025-05-05 17:21:28,206 [WRF2DReader] INFO: Loaded surface '10u' shape (1, 1419, 1429)
2025-05-05 17:21:28,239 [WRF2DReader] INFO: Loaded surface '10v' shape (1, 1419, 1429)
2025-05-05 17:21:28,276 [WRF2DReader] INFO: Loaded surface 'msl' shape (1, 1419, 1429)
2025-05-05 17:21:28,283 [Pipeline] INFO: Loading 3D data from /home/user/Documents/aurora/data_wrf_test/3d/wrf3d_d01_2015-12-01_03:00:00.nc
2025-05-05 17:21:28,293 [WRF3DReader] INFO: Opened 3D file /home/user/Documents/aurora/data_wrf_test/3d/wrf3d_d01_2015-12-01_03:00:00.nc
2025-05-05 17:21:51,153 [WRF3DReader] INFO: Processed z → shape (1, 13, 1419, 1429)
2025-05-05 17:22:11,461 [WRF3DReader] INFO: Processed t → shape (1, 13, 1419, 1429)
2025-05-05 17:22:21,391 [WRF3DReader] INFO: Processed u → shape (1, 13, 1419, 1429)
2025-05-05 17:22:31,477 [WRF3DReader] INFO: Processed v → shape (1, 13, 1419, 1429)
2025-05-05 17:22:55,685 [WRF3DReader] INFO: Processed q → shape (1, 13, 1419, 1429)
2025-05-05 17:22:55,689 [Pipeline] INFO: Completed pair 1
2025-05-05 17:22:55,690 [Pipeline] INFO: Collected 2 time points
2025-05-05 17:22:55,965 [Pipeline] INFO: After concatenation (2 time steps):
2025-05-05 17:22:55,965 [Pipeline] INFO:   Surface variables:
2025-05-05 17:22:55,965 [Pipeline] INFO:     2t     → (2, 1419, 1429)
2025-05-05 17:22:55,965 [Pipeline] INFO:     10u    → (2, 1419, 1429)
2025-05-05 17:22:55,965 [Pipeline] INFO:     10v    → (2, 1419, 1429)
2025-05-05 17:22:55,965 [Pipeline] INFO:     msl    → (2, 1419, 1429)
2025-05-05 17:22:55,965 [Pipeline] INFO:   Atmospheric variables:
2025-05-05 17:22:55,965 [Pipeline] INFO:     z      → (2, 13, 1419, 1429)
2025-05-05 17:22:55,965 [Pipeline] INFO:     t      → (2, 13, 1419, 1429)
2025-05-05 17:22:55,965 [Pipeline] INFO:     u      → (2, 13, 1419, 1429)
2025-05-05 17:22:55,965 [Pipeline] INFO:     v      → (2, 13, 1419, 1429)
2025-05-05 17:22:55,965 [Pipeline] INFO:     q      → (2, 13, 1419, 1429)
2025-05-05 17:22:55,965 [LatLonNormalizer] INFO: Wrapped lon into [0,360): min=229.47, max=279.00
2025-05-05 17:22:55,965 [LatLonNormalizer] INFO: Clipped lat into [-90,90]: min=21.53, max=69.68
2025-05-05 17:22:55,966 [LatLonNormalizer] INFO: Re-sorted lat to be strictly decreasing.
2025-05-05 17:22:55,966 [LatLonNormalizer] INFO: Lon already strictly increasing.
2025-05-05 17:22:55,966 [Pipeline] INFO: Normalized lat → (1419,), lon → (1429,)
2025-05-05 17:22:55,966 [Pipeline] INFO: Cropping all spatial variables to patch_size=4
2025-05-05 17:22:55,966 [Pipeline] INFO:   Surface variables:
2025-05-05 17:22:55,966 [Pipeline] INFO:     2t    :  (2, 1419, 1429) → (2, 1416, 1428)    (- 3 rows, - 1 cols)
2025-05-05 17:22:55,966 [Pipeline] INFO:     10u   :  (2, 1419, 1429) → (2, 1416, 1428)    (- 3 rows, - 1 cols)
2025-05-05 17:22:55,966 [Pipeline] INFO:     10v   :  (2, 1419, 1429) → (2, 1416, 1428)    (- 3 rows, - 1 cols)
2025-05-05 17:22:55,966 [Pipeline] INFO:     msl   :  (2, 1419, 1429) → (2, 1416, 1428)    (- 3 rows, - 1 cols)
2025-05-05 17:22:55,966 [Pipeline] INFO:   Atmospheric variables:
2025-05-05 17:22:55,966 [Pipeline] INFO:     z     : (2, 13, 1419, 1429) → (2, 13, 1416, 1428)   (- 3 rows, - 1 cols)
2025-05-05 17:22:55,966 [Pipeline] INFO:     t     : (2, 13, 1419, 1429) → (2, 13, 1416, 1428)   (- 3 rows, - 1 cols)
2025-05-05 17:22:55,966 [Pipeline] INFO:     u     : (2, 13, 1419, 1429) → (2, 13, 1416, 1428)   (- 3 rows, - 1 cols)
2025-05-05 17:22:55,966 [Pipeline] INFO:     v     : (2, 13, 1419, 1429) → (2, 13, 1416, 1428)   (- 3 rows, - 1 cols)
2025-05-05 17:22:55,966 [Pipeline] INFO:     q     : (2, 13, 1419, 1429) → (2, 13, 1416, 1428)   (- 3 rows, - 1 cols)
2025-05-05 17:22:55,966 [Pipeline] INFO:   Static variables:
2025-05-05 17:22:55,966 [Pipeline] INFO:     z     :     (1419, 1429) → (1416, 1428)       (- 3 rows, - 1 cols)
2025-05-05 17:22:55,966 [Pipeline] INFO:     slt   :     (1419, 1429) → (1416, 1428)       (- 3 rows, - 1 cols)
2025-05-05 17:22:55,966 [Pipeline] INFO:     lsm   :     (1419, 1429) → (1416, 1428)       (- 3 rows, - 1 cols)
2025-05-05 17:22:55,966 [Pipeline] INFO: Cropped lat → (1416,), lon → (1428,)
2025-05-05 17:22:55,971 [Pipeline] INFO: Built Batch:
2025-05-05 17:22:55,971 [Pipeline] INFO:   Surf '2t': (1, 2, 1416, 1428)
2025-05-05 17:22:55,971 [Pipeline] INFO:   Surf '10u': (1, 2, 1416, 1428)
2025-05-05 17:22:55,971 [Pipeline] INFO:   Surf '10v': (1, 2, 1416, 1428)
2025-05-05 17:22:55,971 [Pipeline] INFO:   Surf 'msl': (1, 2, 1416, 1428)
2025-05-05 17:22:55,971 [Pipeline] INFO:   Atmos 'z': (1, 2, 13, 1416, 1428)
2025-05-05 17:22:55,971 [Pipeline] INFO:   Atmos 't': (1, 2, 13, 1416, 1428)
2025-05-05 17:22:55,971 [Pipeline] INFO:   Atmos 'u': (1, 2, 13, 1416, 1428)
2025-05-05 17:22:55,971 [Pipeline] INFO:   Atmos 'v': (1, 2, 13, 1416, 1428)
2025-05-05 17:22:55,971 [Pipeline] INFO:   Atmos 'q': (1, 2, 13, 1416, 1428)
2025-05-05 17:22:55,971 [Pipeline] INFO:   Static 'z': (1416, 1428)
2025-05-05 17:22:55,971 [Pipeline] INFO:   Static 'slt': (1416, 1428)
2025-05-05 17:22:55,971 [Pipeline] INFO:   Static 'lsm': (1416, 1428)
2025-05-05 17:22:55,971 [Pipeline] INFO:   Metadata.time length: 1
2025-05-05 17:23:30,451 [Pipeline] INFO: Pre-rollout GPU Mem (GB) — allocated: 0.42, reserved: 0.44
2025-05-05 17:23:30,451 [Pipeline] INFO: Beginning rollout: 2 steps on cuda
2025-05-05 17:23:31,981 [AuroraModel] INFO: Running rollout: 2 steps on cuda
